---
source: tui/src/diff_render.rs
expression: terminal.backend()
---
"● Edited ~/zjLocal/rust/codex-rust-v0.58.0/codex-rs/tui/abs_old.rs →            "
"~/zjLocal/rust/codex-rust-v0.58.0/codex-rs/tui/abs_new.rs (+1 -1)               "
"    1 -X                                                                        "
"    1 +X changed                                                                "
"    2  Y                                                                        "
"                                                                                "
"                                                                                "
"                                                                                "
"                                                                                "
"                                                                                "
